// Jest Snapshot v1, https://goo.gl/fbAQLP

exports[`Sticky component renders correctly 1`] = `
<styled.div>
  test
</styled.div>
`;
