// Jest Snapshot v1, https://goo.gl/fbAQLP

exports[`Card component renders correctly 1`] = `
<styled.article>
  <styled.main />
</styled.article>
`;
