// Jest Snapshot v1, https://goo.gl/fbAQLP

exports[`CenteredBlocks component renders correctly 1`] = `
<styled.div>
  Children
</styled.div>
`;
