// Jest Snapshot v1, https://goo.gl/fbAQLP

exports[`Link component renders correctly 1`] = `
<a
  href="test"
  rel="noopener noreferrer"
  target="_blank"
>
  Test
</a>
`;
