// Jest Snapshot v1, https://goo.gl/fbAQLP

exports[`Loading component renders correctly 1`] = `
<styled.div>
  <styled.div />
</styled.div>
`;
